{"level":30,"time":1752716722456,"pid":20272,"hostname":"nishimotoyuuninnoMacBook-Air.local","name":"direct-js","p1":"WebSocket opened.","p2":"","p3":"","p4":"","p5":""}
{"level":30,"time":1752716723631,"pid":20272,"hostname":"nishimotoyuuninnoMacBook-Air.local","name":"Hubot","msg":"hubot-redis-brain: Discovered redis from REDIS_URL environment variable"}
{"level":30,"time":1752717126803,"pid":20691,"hostname":"nishimotoyuuninnoMacBook-Air.local","name":"direct-js","p1":"WebSocket opened.","p2":"","p3":"","p4":"","p5":""}
{"level":40,"time":1752717127017,"pid":20691,"hostname":"nishimotoyuuninnoMacBook-Air.local","name":"Hubot","msg":"Anchors don’t work well with respond, perhaps you want to use 'hear'"}
{"level":40,"time":1752717127017,"pid":20691,"hostname":"nishimotoyuuninnoMacBook-Air.local","name":"Hubot","msg":"The regex in question was /^腕トレ$/i"}
{"level":40,"time":1752717127017,"pid":20691,"hostname":"nishimotoyuuninnoMacBook-Air.local","name":"Hubot","msg":"Anchors don’t work well with respond, perhaps you want to use 'hear'"}
{"level":40,"time":1752717127017,"pid":20691,"hostname":"nishimotoyuuninnoMacBook-Air.local","name":"Hubot","msg":"The regex in question was /^腕$/i"}
{"level":40,"time":1752717127017,"pid":20691,"hostname":"nishimotoyuuninnoMacBook-Air.local","name":"Hubot","msg":"Anchors don’t work well with respond, perhaps you want to use 'hear'"}
{"level":40,"time":1752717127017,"pid":20691,"hostname":"nishimotoyuuninnoMacBook-Air.local","name":"Hubot","msg":"The regex in question was /^腕.*トレーニング$/i"}
{"level":40,"time":1752717127017,"pid":20691,"hostname":"nishimotoyuuninnoMacBook-Air.local","name":"Hubot","msg":"Anchors don’t work well with respond, perhaps you want to use 'hear'"}
{"level":40,"time":1752717127017,"pid":20691,"hostname":"nishimotoyuuninnoMacBook-Air.local","name":"Hubot","msg":"The regex in question was /^腹筋トレ$/i"}
{"level":40,"time":1752717127017,"pid":20691,"hostname":"nishimotoyuuninnoMacBook-Air.local","name":"Hubot","msg":"Anchors don’t work well with respond, perhaps you want to use 'hear'"}
{"level":40,"time":1752717127017,"pid":20691,"hostname":"nishimotoyuuninnoMacBook-Air.local","name":"Hubot","msg":"The regex in question was /^腹筋$/i"}
{"level":40,"time":1752717127017,"pid":20691,"hostname":"nishimotoyuuninnoMacBook-Air.local","name":"Hubot","msg":"Anchors don’t work well with respond, perhaps you want to use 'hear'"}
{"level":40,"time":1752717127017,"pid":20691,"hostname":"nishimotoyuuninnoMacBook-Air.local","name":"Hubot","msg":"The regex in question was /^腹筋.*トレーニング$/i"}
{"level":40,"time":1752717127017,"pid":20691,"hostname":"nishimotoyuuninnoMacBook-Air.local","name":"Hubot","msg":"Anchors don’t work well with respond, perhaps you want to use 'hear'"}
{"level":40,"time":1752717127017,"pid":20691,"hostname":"nishimotoyuuninnoMacBook-Air.local","name":"Hubot","msg":"The regex in question was /^脚トレ$/i"}
{"level":40,"time":1752717127017,"pid":20691,"hostname":"nishimotoyuuninnoMacBook-Air.local","name":"Hubot","msg":"Anchors don’t work well with respond, perhaps you want to use 'hear'"}
{"level":40,"time":1752717127017,"pid":20691,"hostname":"nishimotoyuuninnoMacBook-Air.local","name":"Hubot","msg":"The regex in question was /^脚$/i"}
{"level":40,"time":1752717127017,"pid":20691,"hostname":"nishimotoyuuninnoMacBook-Air.local","name":"Hubot","msg":"Anchors don’t work well with respond, perhaps you want to use 'hear'"}
{"level":40,"time":1752717127018,"pid":20691,"hostname":"nishimotoyuuninnoMacBook-Air.local","name":"Hubot","msg":"The regex in question was /^脚.*トレーニング$/i"}
{"level":40,"time":1752717127018,"pid":20691,"hostname":"nishimotoyuuninnoMacBook-Air.local","name":"Hubot","msg":"Anchors don’t work well with respond, perhaps you want to use 'hear'"}
{"level":40,"time":1752717127018,"pid":20691,"hostname":"nishimotoyuuninnoMacBook-Air.local","name":"Hubot","msg":"The regex in question was /^胸トレ$/i"}
{"level":40,"time":1752717127018,"pid":20691,"hostname":"nishimotoyuuninnoMacBook-Air.local","name":"Hubot","msg":"Anchors don’t work well with respond, perhaps you want to use 'hear'"}
{"level":40,"time":1752717127018,"pid":20691,"hostname":"nishimotoyuuninnoMacBook-Air.local","name":"Hubot","msg":"The regex in question was /^胸$/i"}
{"level":40,"time":1752717127018,"pid":20691,"hostname":"nishimotoyuuninnoMacBook-Air.local","name":"Hubot","msg":"Anchors don’t work well with respond, perhaps you want to use 'hear'"}
{"level":40,"time":1752717127018,"pid":20691,"hostname":"nishimotoyuuninnoMacBook-Air.local","name":"Hubot","msg":"The regex in question was /^胸.*トレーニング$/i"}
{"level":40,"time":1752717127018,"pid":20691,"hostname":"nishimotoyuuninnoMacBook-Air.local","name":"Hubot","msg":"Anchors don’t work well with respond, perhaps you want to use 'hear'"}
{"level":40,"time":1752717127018,"pid":20691,"hostname":"nishimotoyuuninnoMacBook-Air.local","name":"Hubot","msg":"The regex in question was /^背中トレ$/i"}
{"level":40,"time":1752717127018,"pid":20691,"hostname":"nishimotoyuuninnoMacBook-Air.local","name":"Hubot","msg":"Anchors don’t work well with respond, perhaps you want to use 'hear'"}
{"level":40,"time":1752717127018,"pid":20691,"hostname":"nishimotoyuuninnoMacBook-Air.local","name":"Hubot","msg":"The regex in question was /^背中$/i"}
{"level":40,"time":1752717127018,"pid":20691,"hostname":"nishimotoyuuninnoMacBook-Air.local","name":"Hubot","msg":"Anchors don’t work well with respond, perhaps you want to use 'hear'"}
{"level":40,"time":1752717127018,"pid":20691,"hostname":"nishimotoyuuninnoMacBook-Air.local","name":"Hubot","msg":"The regex in question was /^背中.*トレーニング$/i"}
{"level":40,"time":1752717127018,"pid":20691,"hostname":"nishimotoyuuninnoMacBook-Air.local","name":"Hubot","msg":"Anchors don’t work well with respond, perhaps you want to use 'hear'"}
{"level":40,"time":1752717127018,"pid":20691,"hostname":"nishimotoyuuninnoMacBook-Air.local","name":"Hubot","msg":"The regex in question was /^肩トレ$/i"}
{"level":40,"time":1752717127018,"pid":20691,"hostname":"nishimotoyuuninnoMacBook-Air.local","name":"Hubot","msg":"Anchors don’t work well with respond, perhaps you want to use 'hear'"}
{"level":40,"time":1752717127018,"pid":20691,"hostname":"nishimotoyuuninnoMacBook-Air.local","name":"Hubot","msg":"The regex in question was /^肩$/i"}
{"level":40,"time":1752717127018,"pid":20691,"hostname":"nishimotoyuuninnoMacBook-Air.local","name":"Hubot","msg":"Anchors don’t work well with respond, perhaps you want to use 'hear'"}
{"level":40,"time":1752717127018,"pid":20691,"hostname":"nishimotoyuuninnoMacBook-Air.local","name":"Hubot","msg":"The regex in question was /^肩.*トレーニング$/i"}
{"level":40,"time":1752717127018,"pid":20691,"hostname":"nishimotoyuuninnoMacBook-Air.local","name":"Hubot","msg":"Anchors don’t work well with respond, perhaps you want to use 'hear'"}
{"level":40,"time":1752717127018,"pid":20691,"hostname":"nishimotoyuuninnoMacBook-Air.local","name":"Hubot","msg":"The regex in question was /^全身トレ$/i"}
{"level":40,"time":1752717127018,"pid":20691,"hostname":"nishimotoyuuninnoMacBook-Air.local","name":"Hubot","msg":"Anchors don’t work well with respond, perhaps you want to use 'hear'"}
{"level":40,"time":1752717127018,"pid":20691,"hostname":"nishimotoyuuninnoMacBook-Air.local","name":"Hubot","msg":"The regex in question was /^全身$/i"}
{"level":40,"time":1752717127018,"pid":20691,"hostname":"nishimotoyuuninnoMacBook-Air.local","name":"Hubot","msg":"Anchors don’t work well with respond, perhaps you want to use 'hear'"}
{"level":40,"time":1752717127018,"pid":20691,"hostname":"nishimotoyuuninnoMacBook-Air.local","name":"Hubot","msg":"The regex in question was /^全身.*トレーニング$/i"}
{"level":30,"time":1752717127062,"pid":20691,"hostname":"nishimotoyuuninnoMacBook-Air.local","name":"Hubot","msg":"hubot-redis-brain: Discovered redis from REDIS_URL environment variable"}
{"level":30,"time":1752717291812,"pid":20958,"hostname":"nishimotoyuuninnoMacBook-Air.local","name":"direct-js","p1":"WebSocket opened.","p2":"","p3":"","p4":"","p5":""}
{"level":50,"time":1752717291998,"pid":20958,"hostname":"nishimotoyuuninnoMacBook-Air.local","name":"Hubot","msg":"Unable to load /Users/nishyy0104/muscle/scripts/ping: /Users/nishyy0104/muscle/scripts/ping.js:142\n      new RegExp(`^${part}トレ// Description:\n\nSyntaxError: missing ) after argument list\n    at wrapSafe (node:internal/modules/cjs/loader:1472:18)\n    at Module._compile (node:internal/modules/cjs/loader:1501:20)\n    at Module._extensions..js (node:internal/modules/cjs/loader:1613:10)\n    at Module.load (/Users/nishyy0104/muscle/node_modules/coffeescript/lib/coffeescript/register.js:68:36)\n    at Module._load (node:internal/modules/cjs/loader:1096:12)\n    at Module.require (node:internal/modules/cjs/loader:1298:19)\n    at require (node:internal/modules/helpers:182:18)\n    at Robot.loadFile (/Users/nishyy0104/muscle/node_modules/lisb-hubot/src/robot.js:381:22)\n    at /Users/nishyy0104/muscle/node_modules/lisb-hubot/src/robot.js:404:52\n    at Array.map (<anonymous>)\n    at Robot.load (/Users/nishyy0104/muscle/node_modules/lisb-hubot/src/robot.js:404:35)\n    at Direct.loadScripts (/Users/nishyy0104/muscle/node_modules/lisb-hubot/bin/hubot.js:103:9)\n    at Object.onceWrapper (node:events:638:28)\n    at Direct.emit (node:events:524:28)\n    at l.<anonymous> (/Users/nishyy0104/muscle/node_modules/hubot-direct/src/direct.js:156:12)\n    at l.emit (node:events:524:28)\n    at e.DirectAPI.emit (/Users/nishyy0104/muscle/node_modules/direct-js/lib/direct-node.min.js:1:3226)\n    at ka.handleNotification (/Users/nishyy0104/muscle/node_modules/direct-js/lib/direct-node.min.js:1:379591)\n    at n (/Users/nishyy0104/muscle/node_modules/direct-js/lib/direct-node.min.js:1:447183)\n    at Po.notifyObserver (/Users/nishyy0104/muscle/node_modules/direct-js/lib/direct-node.min.js:1:446913)\n    at Fo.notifyObservers (/Users/nishyy0104/muscle/node_modules/direct-js/lib/direct-node.min.js:1:444356)\n    at b.notifyObservers (/Users/nishyy0104/muscle/node_modules/direct-js/lib/direct-node.min.js:1:16423)\n    at b.sendNotification (/Users/nishyy0104/muscle/node_modules/direct-js/lib/direct-node.min.js:1:16336)\n    at sa.sendNotification (/Users/nishyy0104/muscle/node_modules/direct-js/lib/direct-node.min.js:1:37549)\n    at sa.onNecessaryDataPrepared (/Users/nishyy0104/muscle/node_modules/direct-js/lib/direct-node.min.js:1:346380)\n    at sa.prepareNecessaryDataFromCache (/Users/nishyy0104/muscle/node_modules/direct-js/lib/direct-node.min.js:1:345922)\n    at /Users/nishyy0104/muscle/node_modules/direct-js/lib/direct-node.min.js:1:344029\n    at process.processTicksAndRejections (node:internal/process/task_queues:95:5)"}
{"level":30,"time":1752717706925,"pid":21061,"hostname":"nishimotoyuuninnoMacBook-Air.local","name":"direct-js","p1":"WebSocket opened.","p2":"","p3":"","p4":"","p5":""}
{"level":40,"time":1752717708399,"pid":21061,"hostname":"nishimotoyuuninnoMacBook-Air.local","name":"Hubot","msg":"Anchors don’t work well with respond, perhaps you want to use 'hear'"}
{"level":40,"time":1752717708400,"pid":21061,"hostname":"nishimotoyuuninnoMacBook-Air.local","name":"Hubot","msg":"The regex in question was /^腕トレ$/i"}
{"level":40,"time":1752717708400,"pid":21061,"hostname":"nishimotoyuuninnoMacBook-Air.local","name":"Hubot","msg":"Anchors don’t work well with respond, perhaps you want to use 'hear'"}
{"level":40,"time":1752717708400,"pid":21061,"hostname":"nishimotoyuuninnoMacBook-Air.local","name":"Hubot","msg":"The regex in question was /^腕$/i"}
{"level":40,"time":1752717708400,"pid":21061,"hostname":"nishimotoyuuninnoMacBook-Air.local","name":"Hubot","msg":"Anchors don’t work well with respond, perhaps you want to use 'hear'"}
{"level":40,"time":1752717708400,"pid":21061,"hostname":"nishimotoyuuninnoMacBook-Air.local","name":"Hubot","msg":"The regex in question was /^腕.*トレーニング$/i"}
{"level":40,"time":1752717708400,"pid":21061,"hostname":"nishimotoyuuninnoMacBook-Air.local","name":"Hubot","msg":"Anchors don’t work well with respond, perhaps you want to use 'hear'"}
{"level":40,"time":1752717708400,"pid":21061,"hostname":"nishimotoyuuninnoMacBook-Air.local","name":"Hubot","msg":"The regex in question was /^腹筋トレ$/i"}
{"level":40,"time":1752717708400,"pid":21061,"hostname":"nishimotoyuuninnoMacBook-Air.local","name":"Hubot","msg":"Anchors don’t work well with respond, perhaps you want to use 'hear'"}
{"level":40,"time":1752717708400,"pid":21061,"hostname":"nishimotoyuuninnoMacBook-Air.local","name":"Hubot","msg":"The regex in question was /^腹筋$/i"}
{"level":40,"time":1752717708400,"pid":21061,"hostname":"nishimotoyuuninnoMacBook-Air.local","name":"Hubot","msg":"Anchors don’t work well with respond, perhaps you want to use 'hear'"}
{"level":40,"time":1752717708400,"pid":21061,"hostname":"nishimotoyuuninnoMacBook-Air.local","name":"Hubot","msg":"The regex in question was /^腹筋.*トレーニング$/i"}
{"level":40,"time":1752717708400,"pid":21061,"hostname":"nishimotoyuuninnoMacBook-Air.local","name":"Hubot","msg":"Anchors don’t work well with respond, perhaps you want to use 'hear'"}
{"level":40,"time":1752717708400,"pid":21061,"hostname":"nishimotoyuuninnoMacBook-Air.local","name":"Hubot","msg":"The regex in question was /^脚トレ$/i"}
{"level":40,"time":1752717708400,"pid":21061,"hostname":"nishimotoyuuninnoMacBook-Air.local","name":"Hubot","msg":"Anchors don’t work well with respond, perhaps you want to use 'hear'"}
{"level":40,"time":1752717708400,"pid":21061,"hostname":"nishimotoyuuninnoMacBook-Air.local","name":"Hubot","msg":"The regex in question was /^脚$/i"}
{"level":40,"time":1752717708400,"pid":21061,"hostname":"nishimotoyuuninnoMacBook-Air.local","name":"Hubot","msg":"Anchors don’t work well with respond, perhaps you want to use 'hear'"}
{"level":40,"time":1752717708400,"pid":21061,"hostname":"nishimotoyuuninnoMacBook-Air.local","name":"Hubot","msg":"The regex in question was /^脚.*トレーニング$/i"}
{"level":40,"time":1752717708401,"pid":21061,"hostname":"nishimotoyuuninnoMacBook-Air.local","name":"Hubot","msg":"Anchors don’t work well with respond, perhaps you want to use 'hear'"}
{"level":40,"time":1752717708401,"pid":21061,"hostname":"nishimotoyuuninnoMacBook-Air.local","name":"Hubot","msg":"The regex in question was /^胸トレ$/i"}
{"level":40,"time":1752717708401,"pid":21061,"hostname":"nishimotoyuuninnoMacBook-Air.local","name":"Hubot","msg":"Anchors don’t work well with respond, perhaps you want to use 'hear'"}
{"level":40,"time":1752717708401,"pid":21061,"hostname":"nishimotoyuuninnoMacBook-Air.local","name":"Hubot","msg":"The regex in question was /^胸$/i"}
{"level":40,"time":1752717708401,"pid":21061,"hostname":"nishimotoyuuninnoMacBook-Air.local","name":"Hubot","msg":"Anchors don’t work well with respond, perhaps you want to use 'hear'"}
{"level":40,"time":1752717708401,"pid":21061,"hostname":"nishimotoyuuninnoMacBook-Air.local","name":"Hubot","msg":"The regex in question was /^胸.*トレーニング$/i"}
{"level":40,"time":1752717708401,"pid":21061,"hostname":"nishimotoyuuninnoMacBook-Air.local","name":"Hubot","msg":"Anchors don’t work well with respond, perhaps you want to use 'hear'"}
{"level":40,"time":1752717708401,"pid":21061,"hostname":"nishimotoyuuninnoMacBook-Air.local","name":"Hubot","msg":"The regex in question was /^背中トレ$/i"}
{"level":40,"time":1752717708401,"pid":21061,"hostname":"nishimotoyuuninnoMacBook-Air.local","name":"Hubot","msg":"Anchors don’t work well with respond, perhaps you want to use 'hear'"}
{"level":40,"time":1752717708401,"pid":21061,"hostname":"nishimotoyuuninnoMacBook-Air.local","name":"Hubot","msg":"The regex in question was /^背中$/i"}
{"level":40,"time":1752717708401,"pid":21061,"hostname":"nishimotoyuuninnoMacBook-Air.local","name":"Hubot","msg":"Anchors don’t work well with respond, perhaps you want to use 'hear'"}
{"level":40,"time":1752717708401,"pid":21061,"hostname":"nishimotoyuuninnoMacBook-Air.local","name":"Hubot","msg":"The regex in question was /^背中.*トレーニング$/i"}
{"level":40,"time":1752717708401,"pid":21061,"hostname":"nishimotoyuuninnoMacBook-Air.local","name":"Hubot","msg":"Anchors don’t work well with respond, perhaps you want to use 'hear'"}
{"level":40,"time":1752717708401,"pid":21061,"hostname":"nishimotoyuuninnoMacBook-Air.local","name":"Hubot","msg":"The regex in question was /^肩トレ$/i"}
{"level":40,"time":1752717708401,"pid":21061,"hostname":"nishimotoyuuninnoMacBook-Air.local","name":"Hubot","msg":"Anchors don’t work well with respond, perhaps you want to use 'hear'"}
{"level":40,"time":1752717708401,"pid":21061,"hostname":"nishimotoyuuninnoMacBook-Air.local","name":"Hubot","msg":"The regex in question was /^肩$/i"}
{"level":40,"time":1752717708401,"pid":21061,"hostname":"nishimotoyuuninnoMacBook-Air.local","name":"Hubot","msg":"Anchors don’t work well with respond, perhaps you want to use 'hear'"}
{"level":40,"time":1752717708401,"pid":21061,"hostname":"nishimotoyuuninnoMacBook-Air.local","name":"Hubot","msg":"The regex in question was /^肩.*トレーニング$/i"}
{"level":40,"time":1752717708401,"pid":21061,"hostname":"nishimotoyuuninnoMacBook-Air.local","name":"Hubot","msg":"Anchors don’t work well with respond, perhaps you want to use 'hear'"}
{"level":40,"time":1752717708401,"pid":21061,"hostname":"nishimotoyuuninnoMacBook-Air.local","name":"Hubot","msg":"The regex in question was /^全身トレ$/i"}
{"level":40,"time":1752717708401,"pid":21061,"hostname":"nishimotoyuuninnoMacBook-Air.local","name":"Hubot","msg":"Anchors don’t work well with respond, perhaps you want to use 'hear'"}
{"level":40,"time":1752717708401,"pid":21061,"hostname":"nishimotoyuuninnoMacBook-Air.local","name":"Hubot","msg":"The regex in question was /^全身$/i"}
{"level":40,"time":1752717708401,"pid":21061,"hostname":"nishimotoyuuninnoMacBook-Air.local","name":"Hubot","msg":"Anchors don’t work well with respond, perhaps you want to use 'hear'"}
{"level":40,"time":1752717708401,"pid":21061,"hostname":"nishimotoyuuninnoMacBook-Air.local","name":"Hubot","msg":"The regex in question was /^全身.*トレーニング$/i"}
{"level":30,"time":1752717708430,"pid":21061,"hostname":"nishimotoyuuninnoMacBook-Air.local","name":"Hubot","msg":"hubot-redis-brain: Discovered redis from REDIS_URL environment variable"}
{"level":30,"time":1752717767757,"pid":21087,"hostname":"nishimotoyuuninnoMacBook-Air.local","name":"direct-js","p1":"WebSocket opened.","p2":"","p3":"","p4":"","p5":""}
{"level":40,"time":1752717768023,"pid":21087,"hostname":"nishimotoyuuninnoMacBook-Air.local","name":"Hubot","msg":"Anchors don’t work well with respond, perhaps you want to use 'hear'"}
{"level":40,"time":1752717768023,"pid":21087,"hostname":"nishimotoyuuninnoMacBook-Air.local","name":"Hubot","msg":"The regex in question was /^腕トレ$/i"}
{"level":40,"time":1752717768023,"pid":21087,"hostname":"nishimotoyuuninnoMacBook-Air.local","name":"Hubot","msg":"Anchors don’t work well with respond, perhaps you want to use 'hear'"}
{"level":40,"time":1752717768023,"pid":21087,"hostname":"nishimotoyuuninnoMacBook-Air.local","name":"Hubot","msg":"The regex in question was /^腕$/i"}
{"level":40,"time":1752717768023,"pid":21087,"hostname":"nishimotoyuuninnoMacBook-Air.local","name":"Hubot","msg":"Anchors don’t work well with respond, perhaps you want to use 'hear'"}
{"level":40,"time":1752717768023,"pid":21087,"hostname":"nishimotoyuuninnoMacBook-Air.local","name":"Hubot","msg":"The regex in question was /^腕.*トレーニング$/i"}
{"level":40,"time":1752717768023,"pid":21087,"hostname":"nishimotoyuuninnoMacBook-Air.local","name":"Hubot","msg":"Anchors don’t work well with respond, perhaps you want to use 'hear'"}
{"level":40,"time":1752717768023,"pid":21087,"hostname":"nishimotoyuuninnoMacBook-Air.local","name":"Hubot","msg":"The regex in question was /^腹筋トレ$/i"}
{"level":40,"time":1752717768023,"pid":21087,"hostname":"nishimotoyuuninnoMacBook-Air.local","name":"Hubot","msg":"Anchors don’t work well with respond, perhaps you want to use 'hear'"}
{"level":40,"time":1752717768024,"pid":21087,"hostname":"nishimotoyuuninnoMacBook-Air.local","name":"Hubot","msg":"The regex in question was /^腹筋$/i"}
{"level":40,"time":1752717768024,"pid":21087,"hostname":"nishimotoyuuninnoMacBook-Air.local","name":"Hubot","msg":"Anchors don’t work well with respond, perhaps you want to use 'hear'"}
{"level":40,"time":1752717768024,"pid":21087,"hostname":"nishimotoyuuninnoMacBook-Air.local","name":"Hubot","msg":"The regex in question was /^腹筋.*トレーニング$/i"}
{"level":40,"time":1752717768024,"pid":21087,"hostname":"nishimotoyuuninnoMacBook-Air.local","name":"Hubot","msg":"Anchors don’t work well with respond, perhaps you want to use 'hear'"}
{"level":40,"time":1752717768024,"pid":21087,"hostname":"nishimotoyuuninnoMacBook-Air.local","name":"Hubot","msg":"The regex in question was /^脚トレ$/i"}
{"level":40,"time":1752717768024,"pid":21087,"hostname":"nishimotoyuuninnoMacBook-Air.local","name":"Hubot","msg":"Anchors don’t work well with respond, perhaps you want to use 'hear'"}
{"level":40,"time":1752717768025,"pid":21087,"hostname":"nishimotoyuuninnoMacBook-Air.local","name":"Hubot","msg":"The regex in question was /^脚$/i"}
{"level":40,"time":1752717768025,"pid":21087,"hostname":"nishimotoyuuninnoMacBook-Air.local","name":"Hubot","msg":"Anchors don’t work well with respond, perhaps you want to use 'hear'"}
{"level":40,"time":1752717768025,"pid":21087,"hostname":"nishimotoyuuninnoMacBook-Air.local","name":"Hubot","msg":"The regex in question was /^脚.*トレーニング$/i"}
{"level":40,"time":1752717768026,"pid":21087,"hostname":"nishimotoyuuninnoMacBook-Air.local","name":"Hubot","msg":"Anchors don’t work well with respond, perhaps you want to use 'hear'"}
{"level":40,"time":1752717768029,"pid":21087,"hostname":"nishimotoyuuninnoMacBook-Air.local","name":"Hubot","msg":"The regex in question was /^胸トレ$/i"}
{"level":40,"time":1752717768030,"pid":21087,"hostname":"nishimotoyuuninnoMacBook-Air.local","name":"Hubot","msg":"Anchors don’t work well with respond, perhaps you want to use 'hear'"}
{"level":40,"time":1752717768030,"pid":21087,"hostname":"nishimotoyuuninnoMacBook-Air.local","name":"Hubot","msg":"The regex in question was /^胸$/i"}
{"level":40,"time":1752717768032,"pid":21087,"hostname":"nishimotoyuuninnoMacBook-Air.local","name":"Hubot","msg":"Anchors don’t work well with respond, perhaps you want to use 'hear'"}
{"level":40,"time":1752717768032,"pid":21087,"hostname":"nishimotoyuuninnoMacBook-Air.local","name":"Hubot","msg":"The regex in question was /^胸.*トレーニング$/i"}
{"level":40,"time":1752717768032,"pid":21087,"hostname":"nishimotoyuuninnoMacBook-Air.local","name":"Hubot","msg":"Anchors don’t work well with respond, perhaps you want to use 'hear'"}
{"level":40,"time":1752717768032,"pid":21087,"hostname":"nishimotoyuuninnoMacBook-Air.local","name":"Hubot","msg":"The regex in question was /^背中トレ$/i"}
{"level":40,"time":1752717768032,"pid":21087,"hostname":"nishimotoyuuninnoMacBook-Air.local","name":"Hubot","msg":"Anchors don’t work well with respond, perhaps you want to use 'hear'"}
{"level":40,"time":1752717768032,"pid":21087,"hostname":"nishimotoyuuninnoMacBook-Air.local","name":"Hubot","msg":"The regex in question was /^背中$/i"}
{"level":40,"time":1752717768037,"pid":21087,"hostname":"nishimotoyuuninnoMacBook-Air.local","name":"Hubot","msg":"Anchors don’t work well with respond, perhaps you want to use 'hear'"}
{"level":40,"time":1752717768037,"pid":21087,"hostname":"nishimotoyuuninnoMacBook-Air.local","name":"Hubot","msg":"The regex in question was /^背中.*トレーニング$/i"}
{"level":40,"time":1752717768037,"pid":21087,"hostname":"nishimotoyuuninnoMacBook-Air.local","name":"Hubot","msg":"Anchors don’t work well with respond, perhaps you want to use 'hear'"}
{"level":40,"time":1752717768037,"pid":21087,"hostname":"nishimotoyuuninnoMacBook-Air.local","name":"Hubot","msg":"The regex in question was /^肩トレ$/i"}
{"level":40,"time":1752717768038,"pid":21087,"hostname":"nishimotoyuuninnoMacBook-Air.local","name":"Hubot","msg":"Anchors don’t work well with respond, perhaps you want to use 'hear'"}
{"level":40,"time":1752717768038,"pid":21087,"hostname":"nishimotoyuuninnoMacBook-Air.local","name":"Hubot","msg":"The regex in question was /^肩$/i"}
{"level":40,"time":1752717768038,"pid":21087,"hostname":"nishimotoyuuninnoMacBook-Air.local","name":"Hubot","msg":"Anchors don’t work well with respond, perhaps you want to use 'hear'"}
{"level":40,"time":1752717768038,"pid":21087,"hostname":"nishimotoyuuninnoMacBook-Air.local","name":"Hubot","msg":"The regex in question was /^肩.*トレーニング$/i"}
{"level":40,"time":1752717768038,"pid":21087,"hostname":"nishimotoyuuninnoMacBook-Air.local","name":"Hubot","msg":"Anchors don’t work well with respond, perhaps you want to use 'hear'"}
{"level":40,"time":1752717768038,"pid":21087,"hostname":"nishimotoyuuninnoMacBook-Air.local","name":"Hubot","msg":"The regex in question was /^全身トレ$/i"}
{"level":40,"time":1752717768038,"pid":21087,"hostname":"nishimotoyuuninnoMacBook-Air.local","name":"Hubot","msg":"Anchors don’t work well with respond, perhaps you want to use 'hear'"}
{"level":40,"time":1752717768038,"pid":21087,"hostname":"nishimotoyuuninnoMacBook-Air.local","name":"Hubot","msg":"The regex in question was /^全身$/i"}
{"level":40,"time":1752717768038,"pid":21087,"hostname":"nishimotoyuuninnoMacBook-Air.local","name":"Hubot","msg":"Anchors don’t work well with respond, perhaps you want to use 'hear'"}
{"level":40,"time":1752717768038,"pid":21087,"hostname":"nishimotoyuuninnoMacBook-Air.local","name":"Hubot","msg":"The regex in question was /^全身.*トレーニング$/i"}
{"level":30,"time":1752717768125,"pid":21087,"hostname":"nishimotoyuuninnoMacBook-Air.local","name":"Hubot","msg":"hubot-redis-brain: Discovered redis from REDIS_URL environment variable"}
{"level":30,"time":1752717808087,"pid":21116,"hostname":"nishimotoyuuninnoMacBook-Air.local","name":"direct-js","p1":"WebSocket opened.","p2":"","p3":"","p4":"","p5":""}
{"level":50,"time":1752717808232,"pid":21116,"hostname":"nishimotoyuuninnoMacBook-Air.local","name":"Hubot","msg":"Unable to load /Users/nishyy0104/muscle/scripts/ping: /Users/nishyy0104/muscle/scripts/ping.js:20\nres.send(Server time is: ${new Date()});\n         ^^^^^^\n\nSyntaxError: missing ) after argument list\n    at wrapSafe (node:internal/modules/cjs/loader:1472:18)\n    at Module._compile (node:internal/modules/cjs/loader:1501:20)\n    at Module._extensions..js (node:internal/modules/cjs/loader:1613:10)\n    at Module.load (/Users/nishyy0104/muscle/node_modules/coffeescript/lib/coffeescript/register.js:68:36)\n    at Module._load (node:internal/modules/cjs/loader:1096:12)\n    at Module.require (node:internal/modules/cjs/loader:1298:19)\n    at require (node:internal/modules/helpers:182:18)\n    at Robot.loadFile (/Users/nishyy0104/muscle/node_modules/lisb-hubot/src/robot.js:381:22)\n    at /Users/nishyy0104/muscle/node_modules/lisb-hubot/src/robot.js:404:52\n    at Array.map (<anonymous>)\n    at Robot.load (/Users/nishyy0104/muscle/node_modules/lisb-hubot/src/robot.js:404:35)\n    at Direct.loadScripts (/Users/nishyy0104/muscle/node_modules/lisb-hubot/bin/hubot.js:103:9)\n    at Object.onceWrapper (node:events:638:28)\n    at Direct.emit (node:events:524:28)\n    at l.<anonymous> (/Users/nishyy0104/muscle/node_modules/hubot-direct/src/direct.js:156:12)\n    at l.emit (node:events:524:28)\n    at e.DirectAPI.emit (/Users/nishyy0104/muscle/node_modules/direct-js/lib/direct-node.min.js:1:3226)\n    at ka.handleNotification (/Users/nishyy0104/muscle/node_modules/direct-js/lib/direct-node.min.js:1:379591)\n    at n (/Users/nishyy0104/muscle/node_modules/direct-js/lib/direct-node.min.js:1:447183)\n    at Po.notifyObserver (/Users/nishyy0104/muscle/node_modules/direct-js/lib/direct-node.min.js:1:446913)\n    at Fo.notifyObservers (/Users/nishyy0104/muscle/node_modules/direct-js/lib/direct-node.min.js:1:444356)\n    at b.notifyObservers (/Users/nishyy0104/muscle/node_modules/direct-js/lib/direct-node.min.js:1:16423)\n    at b.sendNotification (/Users/nishyy0104/muscle/node_modules/direct-js/lib/direct-node.min.js:1:16336)\n    at sa.sendNotification (/Users/nishyy0104/muscle/node_modules/direct-js/lib/direct-node.min.js:1:37549)\n    at sa.onNecessaryDataPrepared (/Users/nishyy0104/muscle/node_modules/direct-js/lib/direct-node.min.js:1:346380)\n    at sa.prepareNecessaryDataFromCache (/Users/nishyy0104/muscle/node_modules/direct-js/lib/direct-node.min.js:1:345922)\n    at /Users/nishyy0104/muscle/node_modules/direct-js/lib/direct-node.min.js:1:344029\n    at process.processTicksAndRejections (node:internal/process/task_queues:95:5)"}
{"level":30,"time":1752717881819,"pid":21197,"hostname":"nishimotoyuuninnoMacBook-Air.local","name":"direct-js","p1":"WebSocket opened.","p2":"","p3":"","p4":"","p5":""}
{"level":40,"time":1752717883202,"pid":21197,"hostname":"nishimotoyuuninnoMacBook-Air.local","name":"Hubot","msg":"Anchors don’t work well with respond, perhaps you want to use 'hear'"}
{"level":40,"time":1752717883202,"pid":21197,"hostname":"nishimotoyuuninnoMacBook-Air.local","name":"Hubot","msg":"The regex in question was /^腕トレ$/i"}
{"level":40,"time":1752717883202,"pid":21197,"hostname":"nishimotoyuuninnoMacBook-Air.local","name":"Hubot","msg":"Anchors don’t work well with respond, perhaps you want to use 'hear'"}
{"level":40,"time":1752717883202,"pid":21197,"hostname":"nishimotoyuuninnoMacBook-Air.local","name":"Hubot","msg":"The regex in question was /^腕$/i"}
{"level":40,"time":1752717883202,"pid":21197,"hostname":"nishimotoyuuninnoMacBook-Air.local","name":"Hubot","msg":"Anchors don’t work well with respond, perhaps you want to use 'hear'"}
{"level":40,"time":1752717883202,"pid":21197,"hostname":"nishimotoyuuninnoMacBook-Air.local","name":"Hubot","msg":"The regex in question was /^腕.*トレーニング$/i"}
{"level":40,"time":1752717883202,"pid":21197,"hostname":"nishimotoyuuninnoMacBook-Air.local","name":"Hubot","msg":"Anchors don’t work well with respond, perhaps you want to use 'hear'"}
{"level":40,"time":1752717883202,"pid":21197,"hostname":"nishimotoyuuninnoMacBook-Air.local","name":"Hubot","msg":"The regex in question was /^腹筋トレ$/i"}
{"level":40,"time":1752717883202,"pid":21197,"hostname":"nishimotoyuuninnoMacBook-Air.local","name":"Hubot","msg":"Anchors don’t work well with respond, perhaps you want to use 'hear'"}
{"level":40,"time":1752717883202,"pid":21197,"hostname":"nishimotoyuuninnoMacBook-Air.local","name":"Hubot","msg":"The regex in question was /^腹筋$/i"}
{"level":40,"time":1752717883202,"pid":21197,"hostname":"nishimotoyuuninnoMacBook-Air.local","name":"Hubot","msg":"Anchors don’t work well with respond, perhaps you want to use 'hear'"}
{"level":40,"time":1752717883202,"pid":21197,"hostname":"nishimotoyuuninnoMacBook-Air.local","name":"Hubot","msg":"The regex in question was /^腹筋.*トレーニング$/i"}
{"level":40,"time":1752717883202,"pid":21197,"hostname":"nishimotoyuuninnoMacBook-Air.local","name":"Hubot","msg":"Anchors don’t work well with respond, perhaps you want to use 'hear'"}
{"level":40,"time":1752717883202,"pid":21197,"hostname":"nishimotoyuuninnoMacBook-Air.local","name":"Hubot","msg":"The regex in question was /^脚トレ$/i"}
{"level":40,"time":1752717883202,"pid":21197,"hostname":"nishimotoyuuninnoMacBook-Air.local","name":"Hubot","msg":"Anchors don’t work well with respond, perhaps you want to use 'hear'"}
{"level":40,"time":1752717883202,"pid":21197,"hostname":"nishimotoyuuninnoMacBook-Air.local","name":"Hubot","msg":"The regex in question was /^脚$/i"}
{"level":40,"time":1752717883202,"pid":21197,"hostname":"nishimotoyuuninnoMacBook-Air.local","name":"Hubot","msg":"Anchors don’t work well with respond, perhaps you want to use 'hear'"}
{"level":40,"time":1752717883202,"pid":21197,"hostname":"nishimotoyuuninnoMacBook-Air.local","name":"Hubot","msg":"The regex in question was /^脚.*トレーニング$/i"}
{"level":40,"time":1752717883202,"pid":21197,"hostname":"nishimotoyuuninnoMacBook-Air.local","name":"Hubot","msg":"Anchors don’t work well with respond, perhaps you want to use 'hear'"}
{"level":40,"time":1752717883202,"pid":21197,"hostname":"nishimotoyuuninnoMacBook-Air.local","name":"Hubot","msg":"The regex in question was /^胸トレ$/i"}
{"level":40,"time":1752717883202,"pid":21197,"hostname":"nishimotoyuuninnoMacBook-Air.local","name":"Hubot","msg":"Anchors don’t work well with respond, perhaps you want to use 'hear'"}
{"level":40,"time":1752717883202,"pid":21197,"hostname":"nishimotoyuuninnoMacBook-Air.local","name":"Hubot","msg":"The regex in question was /^胸$/i"}
{"level":40,"time":1752717883202,"pid":21197,"hostname":"nishimotoyuuninnoMacBook-Air.local","name":"Hubot","msg":"Anchors don’t work well with respond, perhaps you want to use 'hear'"}
{"level":40,"time":1752717883202,"pid":21197,"hostname":"nishimotoyuuninnoMacBook-Air.local","name":"Hubot","msg":"The regex in question was /^胸.*トレーニング$/i"}
{"level":40,"time":1752717883202,"pid":21197,"hostname":"nishimotoyuuninnoMacBook-Air.local","name":"Hubot","msg":"Anchors don’t work well with respond, perhaps you want to use 'hear'"}
{"level":40,"time":1752717883203,"pid":21197,"hostname":"nishimotoyuuninnoMacBook-Air.local","name":"Hubot","msg":"The regex in question was /^背中トレ$/i"}
{"level":40,"time":1752717883203,"pid":21197,"hostname":"nishimotoyuuninnoMacBook-Air.local","name":"Hubot","msg":"Anchors don’t work well with respond, perhaps you want to use 'hear'"}
{"level":40,"time":1752717883203,"pid":21197,"hostname":"nishimotoyuuninnoMacBook-Air.local","name":"Hubot","msg":"The regex in question was /^背中$/i"}
{"level":40,"time":1752717883203,"pid":21197,"hostname":"nishimotoyuuninnoMacBook-Air.local","name":"Hubot","msg":"Anchors don’t work well with respond, perhaps you want to use 'hear'"}
{"level":40,"time":1752717883203,"pid":21197,"hostname":"nishimotoyuuninnoMacBook-Air.local","name":"Hubot","msg":"The regex in question was /^背中.*トレーニング$/i"}
{"level":40,"time":1752717883203,"pid":21197,"hostname":"nishimotoyuuninnoMacBook-Air.local","name":"Hubot","msg":"Anchors don’t work well with respond, perhaps you want to use 'hear'"}
{"level":40,"time":1752717883203,"pid":21197,"hostname":"nishimotoyuuninnoMacBook-Air.local","name":"Hubot","msg":"The regex in question was /^肩トレ$/i"}
{"level":40,"time":1752717883203,"pid":21197,"hostname":"nishimotoyuuninnoMacBook-Air.local","name":"Hubot","msg":"Anchors don’t work well with respond, perhaps you want to use 'hear'"}
{"level":40,"time":1752717883203,"pid":21197,"hostname":"nishimotoyuuninnoMacBook-Air.local","name":"Hubot","msg":"The regex in question was /^肩$/i"}
{"level":40,"time":1752717883203,"pid":21197,"hostname":"nishimotoyuuninnoMacBook-Air.local","name":"Hubot","msg":"Anchors don’t work well with respond, perhaps you want to use 'hear'"}
{"level":40,"time":1752717883203,"pid":21197,"hostname":"nishimotoyuuninnoMacBook-Air.local","name":"Hubot","msg":"The regex in question was /^肩.*トレーニング$/i"}
{"level":40,"time":1752717883203,"pid":21197,"hostname":"nishimotoyuuninnoMacBook-Air.local","name":"Hubot","msg":"Anchors don’t work well with respond, perhaps you want to use 'hear'"}
{"level":40,"time":1752717883203,"pid":21197,"hostname":"nishimotoyuuninnoMacBook-Air.local","name":"Hubot","msg":"The regex in question was /^全身トレ$/i"}
{"level":40,"time":1752717883203,"pid":21197,"hostname":"nishimotoyuuninnoMacBook-Air.local","name":"Hubot","msg":"Anchors don’t work well with respond, perhaps you want to use 'hear'"}
{"level":40,"time":1752717883203,"pid":21197,"hostname":"nishimotoyuuninnoMacBook-Air.local","name":"Hubot","msg":"The regex in question was /^全身$/i"}
{"level":40,"time":1752717883203,"pid":21197,"hostname":"nishimotoyuuninnoMacBook-Air.local","name":"Hubot","msg":"Anchors don’t work well with respond, perhaps you want to use 'hear'"}
{"level":40,"time":1752717883203,"pid":21197,"hostname":"nishimotoyuuninnoMacBook-Air.local","name":"Hubot","msg":"The regex in question was /^全身.*トレーニング$/i"}
{"level":30,"time":1752717883232,"pid":21197,"hostname":"nishimotoyuuninnoMacBook-Air.local","name":"Hubot","msg":"hubot-redis-brain: Discovered redis from REDIS_URL environment variable"}
{"level":50,"time":1752717993370,"pid":21197,"hostname":"nishimotoyuuninnoMacBook-Air.local","name":"direct-js","p1":"WebSocket error. event:","p2":{"errno":-54,"code":"ECONNRESET","syscall":"read"},"p3":"","p4":"","p5":""}
{"level":30,"time":1752717993388,"pid":21197,"hostname":"nishimotoyuuninnoMacBook-Air.local","name":"direct-js","p1":"WebSocket closed. 1006 Socket Error: read ECONNRESET null","p2":"","p3":"","p4":"","p5":""}
{"level":30,"time":1752717993388,"pid":21197,"hostname":"nishimotoyuuninnoMacBook-Air.local","name":"direct-js","p1":"onClose. code:1006, reason:Socket Error: read ECONNRESET, wasClean:null","p2":"","p3":"","p4":"","p5":""}
{"level":30,"time":1752717994174,"pid":21197,"hostname":"nishimotoyuuninnoMacBook-Air.local","name":"direct-js","p1":"WebSocket opened.","p2":"","p3":"","p4":"","p5":""}
{"level":30,"time":1752718049510,"pid":21255,"hostname":"nishimotoyuuninnoMacBook-Air.local","name":"direct-js","p1":"WebSocket opened.","p2":"","p3":"","p4":"","p5":""}
{"level":30,"time":1752718049704,"pid":21255,"hostname":"nishimotoyuuninnoMacBook-Air.local","name":"Hubot","msg":"hubot-redis-brain: Discovered redis from REDIS_URL environment variable"}
{"level":30,"time":1752718216654,"pid":21291,"hostname":"nishimotoyuuninnoMacBook-Air.local","name":"direct-js","p1":"WebSocket opened.","p2":"","p3":"","p4":"","p5":""}
{"level":30,"time":1752718216821,"pid":21291,"hostname":"nishimotoyuuninnoMacBook-Air.local","name":"Hubot","msg":"hubot-redis-brain: Discovered redis from REDIS_URL environment variable"}
{"level":50,"time":1752718443640,"pid":21291,"hostname":"nishimotoyuuninnoMacBook-Air.local","name":"direct-js","p1":"WebSocket error. event:","p2":{"errno":-54,"code":"ECONNRESET","syscall":"read"},"p3":"","p4":"","p5":""}
{"level":30,"time":1752718443664,"pid":21291,"hostname":"nishimotoyuuninnoMacBook-Air.local","name":"direct-js","p1":"WebSocket closed. 1006 Socket Error: read ECONNRESET null","p2":"","p3":"","p4":"","p5":""}
{"level":30,"time":1752718443664,"pid":21291,"hostname":"nishimotoyuuninnoMacBook-Air.local","name":"direct-js","p1":"onClose. code:1006, reason:Socket Error: read ECONNRESET, wasClean:null","p2":"","p3":"","p4":"","p5":""}
{"level":30,"time":1752718444506,"pid":21291,"hostname":"nishimotoyuuninnoMacBook-Air.local","name":"direct-js","p1":"WebSocket opened.","p2":"","p3":"","p4":"","p5":""}
{"level":30,"time":1752718473512,"pid":21342,"hostname":"nishimotoyuuninnoMacBook-Air.local","name":"direct-js","p1":"WebSocket opened.","p2":"","p3":"","p4":"","p5":""}
{"level":30,"time":1752718473751,"pid":21342,"hostname":"nishimotoyuuninnoMacBook-Air.local","name":"Hubot","msg":"hubot-redis-brain: Discovered redis from REDIS_URL environment variable"}
{"level":30,"time":1752718587992,"pid":21368,"hostname":"nishimotoyuuninnoMacBook-Air.local","name":"direct-js","p1":"WebSocket opened.","p2":"","p3":"","p4":"","p5":""}
{"level":30,"time":1752718588201,"pid":21368,"hostname":"nishimotoyuuninnoMacBook-Air.local","name":"Hubot","msg":"hubot-redis-brain: Discovered redis from REDIS_URL environment variable"}
{"level":30,"time":1752718630771,"pid":21403,"hostname":"nishimotoyuuninnoMacBook-Air.local","name":"direct-js","p1":"WebSocket opened.","p2":"","p3":"","p4":"","p5":""}
{"level":30,"time":1752718630956,"pid":21403,"hostname":"nishimotoyuuninnoMacBook-Air.local","name":"Hubot","msg":"hubot-redis-brain: Discovered redis from REDIS_URL environment variable"}
{"level":30,"time":1752718777840,"pid":21427,"hostname":"nishimotoyuuninnoMacBook-Air.local","name":"direct-js","p1":"WebSocket opened.","p2":"","p3":"","p4":"","p5":""}
{"level":30,"time":1752718777991,"pid":21427,"hostname":"nishimotoyuuninnoMacBook-Air.local","name":"Hubot","msg":"hubot-redis-brain: Discovered redis from REDIS_URL environment variable"}
{"level":30,"time":1752726081865,"pid":21427,"hostname":"nishimotoyuuninnoMacBook-Air.local","name":"direct-js","p1":"WebSocket closed. 1000 Normal connection closure null","p2":"","p3":"","p4":"","p5":""}
{"level":50,"time":1752726082412,"pid":21427,"hostname":"nishimotoyuuninnoMacBook-Air.local","name":"direct-js","p1":"WebSocket error. event:","p2":{"errno":-3008,"code":"ENOTFOUND","syscall":"getaddrinfo","hostname":"api.direct4b.com"},"p3":"","p4":"","p5":""}
{"level":50,"time":1752729743441,"pid":21427,"hostname":"nishimotoyuuninnoMacBook-Air.local","name":"direct-js","p1":"WebSocket error. event:","p2":{"errno":-3008,"code":"ENOTFOUND","syscall":"getaddrinfo","hostname":"api.direct4b.com"},"p3":"","p4":"","p5":""}
{"level":50,"time":1752733403065,"pid":21427,"hostname":"nishimotoyuuninnoMacBook-Air.local","name":"direct-js","p1":"WebSocket error. event:","p2":{"errno":-3008,"code":"ENOTFOUND","syscall":"getaddrinfo","hostname":"api.direct4b.com"},"p3":"","p4":"","p5":""}
{"level":50,"time":1752733448061,"pid":21427,"hostname":"nishimotoyuuninnoMacBook-Air.local","name":"direct-js","p1":"WebSocket error. event:","p2":{"errno":-3008,"code":"ENOTFOUND","syscall":"getaddrinfo","hostname":"api.direct4b.com"},"p3":"","p4":"","p5":""}
{"level":50,"time":1752737063181,"pid":21427,"hostname":"nishimotoyuuninnoMacBook-Air.local","name":"direct-js","p1":"WebSocket error. event:","p2":{"errno":-3008,"code":"ENOTFOUND","syscall":"getaddrinfo","hostname":"api.direct4b.com"},"p3":"","p4":"","p5":""}
{"level":50,"time":1752740450664,"pid":21427,"hostname":"nishimotoyuuninnoMacBook-Air.local","name":"direct-js","p1":"WebSocket error. event:","p2":{"errno":-3008,"code":"ENOTFOUND","syscall":"getaddrinfo","hostname":"api.direct4b.com"},"p3":"","p4":"","p5":""}
{"level":30,"time":1752740496889,"pid":21427,"hostname":"nishimotoyuuninnoMacBook-Air.local","name":"direct-js","p1":"WebSocket opened.","p2":"","p3":"","p4":"","p5":""}
{"level":30,"time":1752740872024,"pid":57772,"hostname":"nishimotoyuuninnoMacBook-Air.local","name":"direct-js","p1":"WebSocket opened.","p2":"","p3":"","p4":"","p5":""}
{"level":30,"time":1752740872618,"pid":57772,"hostname":"nishimotoyuuninnoMacBook-Air.local","name":"Hubot","msg":"hubot-redis-brain: Discovered redis from REDIS_URL environment variable"}
{"level":30,"time":1752744188099,"pid":57772,"hostname":"nishimotoyuuninnoMacBook-Air.local","name":"direct-js","p1":"WebSocket closed. 1000 Normal connection closure null","p2":"","p3":"","p4":"","p5":""}
{"level":50,"time":1752744188825,"pid":57772,"hostname":"nishimotoyuuninnoMacBook-Air.local","name":"direct-js","p1":"WebSocket error. event:","p2":{"errno":-3008,"code":"ENOTFOUND","syscall":"getaddrinfo","hostname":"api.direct4b.com"},"p3":"","p4":"","p5":""}
{"level":30,"time":1752744233846,"pid":57772,"hostname":"nishimotoyuuninnoMacBook-Air.local","name":"direct-js","p1":"WebSocket opened.","p2":"","p3":"","p4":"","p5":""}
{"level":50,"time":1752745063255,"pid":57772,"hostname":"nishimotoyuuninnoMacBook-Air.local","name":"direct-js","p1":"WebSocket error. event:","p2":{"errno":-54,"code":"ECONNRESET","syscall":"read"},"p3":"","p4":"","p5":""}
{"level":30,"time":1752745063382,"pid":57772,"hostname":"nishimotoyuuninnoMacBook-Air.local","name":"direct-js","p1":"WebSocket closed. 1006 Socket Error: read ECONNRESET null","p2":"","p3":"","p4":"","p5":""}
{"level":30,"time":1752745063382,"pid":57772,"hostname":"nishimotoyuuninnoMacBook-Air.local","name":"direct-js","p1":"onClose. code:1006, reason:Socket Error: read ECONNRESET, wasClean:null","p2":"","p3":"","p4":"","p5":""}
{"level":30,"time":1752745064005,"pid":57772,"hostname":"nishimotoyuuninnoMacBook-Air.local","name":"direct-js","p1":"WebSocket opened.","p2":"","p3":"","p4":"","p5":""}
{"level":30,"time":1752745147820,"pid":86956,"hostname":"nishimotoyuuninnoMacBook-Air.local","name":"direct-js","p1":"WebSocket opened.","p2":"","p3":"","p4":"","p5":""}
{"level":30,"time":1752745147897,"pid":86956,"hostname":"nishimotoyuuninnoMacBook-Air.local","name":"Hubot","msg":"hubot-redis-brain: Discovered redis from REDIS_URL environment variable"}
{"level":30,"time":1752745242176,"pid":86986,"hostname":"nishimotoyuuninnoMacBook-Air.local","name":"direct-js","p1":"WebSocket opened.","p2":"","p3":"","p4":"","p5":""}
{"level":30,"time":1752745242344,"pid":86986,"hostname":"nishimotoyuuninnoMacBook-Air.local","name":"Hubot","msg":"hubot-redis-brain: Discovered redis from REDIS_URL environment variable"}
{"level":30,"time":1752745313234,"pid":87012,"hostname":"nishimotoyuuninnoMacBook-Air.local","name":"direct-js","p1":"WebSocket opened.","p2":"","p3":"","p4":"","p5":""}
{"level":30,"time":1752745313386,"pid":87012,"hostname":"nishimotoyuuninnoMacBook-Air.local","name":"Hubot","msg":"hubot-redis-brain: Discovered redis from REDIS_URL environment variable"}
{"level":30,"time":1752745536670,"pid":87063,"hostname":"nishimotoyuuninnoMacBook-Air.local","name":"direct-js","p1":"WebSocket opened.","p2":"","p3":"","p4":"","p5":""}
{"level":30,"time":1752745536763,"pid":87063,"hostname":"nishimotoyuuninnoMacBook-Air.local","name":"Hubot","msg":"hubot-redis-brain: Discovered redis from REDIS_URL environment variable"}
{"level":30,"time":1752745580188,"pid":87088,"hostname":"nishimotoyuuninnoMacBook-Air.local","name":"direct-js","p1":"WebSocket opened.","p2":"","p3":"","p4":"","p5":""}
{"level":30,"time":1752745580282,"pid":87088,"hostname":"nishimotoyuuninnoMacBook-Air.local","name":"Hubot","msg":"hubot-redis-brain: Discovered redis from REDIS_URL environment variable"}
{"level":30,"time":1752745647265,"pid":87112,"hostname":"nishimotoyuuninnoMacBook-Air.local","name":"direct-js","p1":"WebSocket opened.","p2":"","p3":"","p4":"","p5":""}
{"level":30,"time":1752745647411,"pid":87112,"hostname":"nishimotoyuuninnoMacBook-Air.local","name":"Hubot","msg":"hubot-redis-brain: Discovered redis from REDIS_URL environment variable"}
{"level":30,"time":1752745703786,"pid":87149,"hostname":"nishimotoyuuninnoMacBook-Air.local","name":"direct-js","p1":"WebSocket opened.","p2":"","p3":"","p4":"","p5":""}
{"level":30,"time":1752745703938,"pid":87149,"hostname":"nishimotoyuuninnoMacBook-Air.local","name":"Hubot","msg":"hubot-redis-brain: Discovered redis from REDIS_URL environment variable"}
{"level":30,"time":1752745747716,"pid":87171,"hostname":"nishimotoyuuninnoMacBook-Air.local","name":"direct-js","p1":"WebSocket opened.","p2":"","p3":"","p4":"","p5":""}
{"level":30,"time":1752745747868,"pid":87171,"hostname":"nishimotoyuuninnoMacBook-Air.local","name":"Hubot","msg":"hubot-redis-brain: Discovered redis from REDIS_URL environment variable"}
{"level":30,"time":1752746439660,"pid":87250,"hostname":"nishimotoyuuninnoMacBook-Air.local","name":"direct-js","p1":"WebSocket opened.","p2":"","p3":"","p4":"","p5":""}
{"level":30,"time":1752746439809,"pid":87250,"hostname":"nishimotoyuuninnoMacBook-Air.local","name":"Hubot","msg":"hubot-redis-brain: Discovered redis from REDIS_URL environment variable"}
{"level":50,"time":1752751132063,"pid":87250,"hostname":"nishimotoyuuninnoMacBook-Air.local","name":"direct-js","p1":"WebSocket error. event:","p2":{"errno":-54,"code":"ECONNRESET","syscall":"read"},"p3":"","p4":"","p5":""}
{"level":30,"time":1752751132105,"pid":87250,"hostname":"nishimotoyuuninnoMacBook-Air.local","name":"direct-js","p1":"WebSocket closed. 1006 Socket Error: read ECONNRESET null","p2":"","p3":"","p4":"","p5":""}
{"level":30,"time":1752751132105,"pid":87250,"hostname":"nishimotoyuuninnoMacBook-Air.local","name":"direct-js","p1":"onClose. code:1006, reason:Socket Error: read ECONNRESET, wasClean:null","p2":"","p3":"","p4":"","p5":""}
{"level":30,"time":1752751133549,"pid":87250,"hostname":"nishimotoyuuninnoMacBook-Air.local","name":"direct-js","p1":"WebSocket opened.","p2":"","p3":"","p4":"","p5":""}
{"level":50,"time":1752752285876,"pid":87250,"hostname":"nishimotoyuuninnoMacBook-Air.local","name":"direct-js","p1":"WebSocket error. event:","p2":{"errno":-54,"code":"ECONNRESET","syscall":"read"},"p3":"","p4":"","p5":""}
{"level":30,"time":1752752285883,"pid":87250,"hostname":"nishimotoyuuninnoMacBook-Air.local","name":"direct-js","p1":"WebSocket closed. 1006 Socket Error: read ECONNRESET null","p2":"","p3":"","p4":"","p5":""}
{"level":30,"time":1752752285884,"pid":87250,"hostname":"nishimotoyuuninnoMacBook-Air.local","name":"direct-js","p1":"onClose. code:1006, reason:Socket Error: read ECONNRESET, wasClean:null","p2":"","p3":"","p4":"","p5":""}
{"level":30,"time":1752752287029,"pid":87250,"hostname":"nishimotoyuuninnoMacBook-Air.local","name":"direct-js","p1":"WebSocket opened.","p2":"","p3":"","p4":"","p5":""}
{"level":30,"time":1752752781469,"pid":87406,"hostname":"nishimotoyuuninnoMacBook-Air.local","name":"direct-js","p1":"WebSocket opened.","p2":"","p3":"","p4":"","p5":""}
{"level":50,"time":1752752781602,"pid":87406,"hostname":"nishimotoyuuninnoMacBook-Air.local","name":"Hubot","msg":"Unable to load /Users/nishyy0104/muscle/scripts/ping: /Users/nishyy0104/muscle/scripts/ping.js:461\n  };\n  ^\n\nSyntaxError: Unexpected token '}'\n    at wrapSafe (node:internal/modules/cjs/loader:1472:18)\n    at Module._compile (node:internal/modules/cjs/loader:1501:20)\n    at Module._extensions..js (node:internal/modules/cjs/loader:1613:10)\n    at Module.load (/Users/nishyy0104/muscle/node_modules/coffeescript/lib/coffeescript/register.js:68:36)\n    at Module._load (node:internal/modules/cjs/loader:1096:12)\n    at Module.require (node:internal/modules/cjs/loader:1298:19)\n    at require (node:internal/modules/helpers:182:18)\n    at Robot.loadFile (/Users/nishyy0104/muscle/node_modules/lisb-hubot/src/robot.js:381:22)\n    at /Users/nishyy0104/muscle/node_modules/lisb-hubot/src/robot.js:404:52\n    at Array.map (<anonymous>)\n    at Robot.load (/Users/nishyy0104/muscle/node_modules/lisb-hubot/src/robot.js:404:35)\n    at Direct.loadScripts (/Users/nishyy0104/muscle/node_modules/lisb-hubot/bin/hubot.js:103:9)\n    at Object.onceWrapper (node:events:638:28)\n    at Direct.emit (node:events:524:28)\n    at l.<anonymous> (/Users/nishyy0104/muscle/node_modules/hubot-direct/src/direct.js:156:12)\n    at l.emit (node:events:524:28)\n    at e.DirectAPI.emit (/Users/nishyy0104/muscle/node_modules/direct-js/lib/direct-node.min.js:1:3226)\n    at ka.handleNotification (/Users/nishyy0104/muscle/node_modules/direct-js/lib/direct-node.min.js:1:379591)\n    at n (/Users/nishyy0104/muscle/node_modules/direct-js/lib/direct-node.min.js:1:447183)\n    at Po.notifyObserver (/Users/nishyy0104/muscle/node_modules/direct-js/lib/direct-node.min.js:1:446913)\n    at Fo.notifyObservers (/Users/nishyy0104/muscle/node_modules/direct-js/lib/direct-node.min.js:1:444356)\n    at b.notifyObservers (/Users/nishyy0104/muscle/node_modules/direct-js/lib/direct-node.min.js:1:16423)\n    at b.sendNotification (/Users/nishyy0104/muscle/node_modules/direct-js/lib/direct-node.min.js:1:16336)\n    at sa.sendNotification (/Users/nishyy0104/muscle/node_modules/direct-js/lib/direct-node.min.js:1:37549)\n    at sa.onNecessaryDataPrepared (/Users/nishyy0104/muscle/node_modules/direct-js/lib/direct-node.min.js:1:346380)\n    at sa.prepareNecessaryDataFromCache (/Users/nishyy0104/muscle/node_modules/direct-js/lib/direct-node.min.js:1:345922)\n    at /Users/nishyy0104/muscle/node_modules/direct-js/lib/direct-node.min.js:1:344029\n    at process.processTicksAndRejections (node:internal/process/task_queues:95:5)"}
{"level":30,"time":1752753382520,"pid":87584,"hostname":"nishimotoyuuninnoMacBook-Air.local","name":"direct-js","p1":"WebSocket opened.","p2":"","p3":"","p4":"","p5":""}
{"level":30,"time":1752753383379,"pid":87584,"hostname":"nishimotoyuuninnoMacBook-Air.local","name":"Hubot","msg":"hubot-redis-brain: Discovered redis from REDIS_URL environment variable"}
{"level":30,"time":1752753422432,"pid":87608,"hostname":"nishimotoyuuninnoMacBook-Air.local","name":"direct-js","p1":"WebSocket opened.","p2":"","p3":"","p4":"","p5":""}
{"level":30,"time":1752753422510,"pid":87608,"hostname":"nishimotoyuuninnoMacBook-Air.local","name":"Hubot","msg":"hubot-redis-brain: Discovered redis from REDIS_URL environment variable"}
{"level":30,"time":1752753945977,"pid":87657,"hostname":"nishimotoyuuninnoMacBook-Air.local","name":"direct-js","p1":"WebSocket opened.","p2":"","p3":"","p4":"","p5":""}
{"level":30,"time":1752753946134,"pid":87657,"hostname":"nishimotoyuuninnoMacBook-Air.local","name":"Hubot","msg":"hubot-redis-brain: Discovered redis from REDIS_URL environment variable"}
{"level":30,"time":1752754125548,"pid":87691,"hostname":"nishimotoyuuninnoMacBook-Air.local","name":"direct-js","p1":"WebSocket opened.","p2":"","p3":"","p4":"","p5":""}
{"level":30,"time":1752754125643,"pid":87691,"hostname":"nishimotoyuuninnoMacBook-Air.local","name":"Hubot","msg":"hubot-redis-brain: Discovered redis from REDIS_URL environment variable"}
{"level":30,"time":1752754273008,"pid":87771,"hostname":"nishimotoyuuninnoMacBook-Air.local","name":"direct-js","p1":"WebSocket opened.","p2":"","p3":"","p4":"","p5":""}
{"level":30,"time":1752754273157,"pid":87771,"hostname":"nishimotoyuuninnoMacBook-Air.local","name":"Hubot","msg":"hubot-redis-brain: Discovered redis from REDIS_URL environment variable"}
{"level":30,"time":1752754289133,"pid":87791,"hostname":"nishimotoyuuninnoMacBook-Air.local","name":"direct-js","p1":"WebSocket opened.","p2":"","p3":"","p4":"","p5":""}
{"level":30,"time":1752754289200,"pid":87791,"hostname":"nishimotoyuuninnoMacBook-Air.local","name":"Hubot","msg":"hubot-redis-brain: Discovered redis from REDIS_URL environment variable"}
{"level":30,"time":1752754380493,"pid":87826,"hostname":"nishimotoyuuninnoMacBook-Air.local","name":"direct-js","p1":"WebSocket opened.","p2":"","p3":"","p4":"","p5":""}
{"level":30,"time":1752754380597,"pid":87826,"hostname":"nishimotoyuuninnoMacBook-Air.local","name":"Hubot","msg":"hubot-redis-brain: Discovered redis from REDIS_URL environment variable"}
{"level":30,"time":1752754592511,"pid":87877,"hostname":"nishimotoyuuninnoMacBook-Air.local","name":"direct-js","p1":"WebSocket opened.","p2":"","p3":"","p4":"","p5":""}
{"level":30,"time":1752754592642,"pid":87877,"hostname":"nishimotoyuuninnoMacBook-Air.local","name":"Hubot","msg":"hubot-redis-brain: Discovered redis from REDIS_URL environment variable"}
{"level":30,"time":1752754609098,"pid":87898,"hostname":"nishimotoyuuninnoMacBook-Air.local","name":"direct-js","p1":"WebSocket opened.","p2":"","p3":"","p4":"","p5":""}
{"level":30,"time":1752754609238,"pid":87898,"hostname":"nishimotoyuuninnoMacBook-Air.local","name":"Hubot","msg":"hubot-redis-brain: Discovered redis from REDIS_URL environment variable"}
{"level":30,"time":1752754673007,"pid":87987,"hostname":"nishimotoyuuninnoMacBook-Air.local","name":"direct-js","p1":"WebSocket opened.","p2":"","p3":"","p4":"","p5":""}
{"level":30,"time":1752754673161,"pid":87987,"hostname":"nishimotoyuuninnoMacBook-Air.local","name":"Hubot","msg":"hubot-redis-brain: Discovered redis from REDIS_URL environment variable"}
{"level":30,"time":1752755709974,"pid":89155,"hostname":"nishimotoyuuninnoMacBook-Air.local","name":"direct-js","p1":"WebSocket opened.","p2":"","p3":"","p4":"","p5":""}
{"level":30,"time":1752755710053,"pid":89155,"hostname":"nishimotoyuuninnoMacBook-Air.local","name":"Hubot","msg":"hubot-redis-brain: Discovered redis from REDIS_URL environment variable"}
